[0.000000 s] === 1.50.16.a
[0.000000 s] point: X_1(1,50), residue field degree 16
[0.540000 s] q = 3: model built (0.540000 s); computing the maximal orders of its function field (genus check)
[78.2100 s] q = 3: genus 48 (expected 48), 78.2100 s
[79.3000 s] q = 3: D_q = 2 places of degrees [ 8, 8 ], dim L(D_q) = 1 (79.3000 s)
[79.3000 s] === 1.50.16.b
[79.3000 s] point: X_1(1,50), residue field degree 16
[79.6899 s] q = 3: D_q = 1 places of degrees [ 16 ], dim L(D_q) = 1 (79.6899 s)
[79.7000 s] === 1.50.16.c
[79.7000 s] point: X_1(1,50), residue field degree 16
[80.0800 s] q = 3: D_q = 1 places of degrees [ 16 ], dim L(D_q) = 1 (80.0800 s)
[80.0800 s] === 1.50.16.d
[80.0800 s] point: X_1(1,50), residue field degree 16
[80.4200 s] q = 3: D_q = 1 places of degrees [ 16 ], dim L(D_q) = 1 (80.4200 s)
[80.4200 s] === 1.50.16.e
[80.4200 s] point: X_1(1,50), residue field degree 16
[80.7500 s] q = 3: D_q = 1 places of degrees [ 16 ], dim L(D_q) = 1 (80.7500 s)
[80.7500 s] === 1.50.16.f
[80.7500 s] point: X_1(1,50), residue field degree 16
[81.1801 s] q = 3: D_q = 2 places of degrees [ 6, 10 ], dim L(D_q) = 1 (81.1801 s)
[81.1801 s] === 1.50.16.g
[81.1801 s] point: X_1(1,50), residue field degree 16
[81.5601 s] q = 3: D_q = 1 places of degrees [ 16 ], dim L(D_q) = 1 (81.5601 s)
[81.5601 s] === 1.50.16.h
[81.5601 s] point: X_1(1,50), residue field degree 16
[81.5601 s] q = 7: bad reduction, skipped
[81.9500 s] q = 11: model built (81.9500 s); computing the maximal orders of its function field (genus check)
[186.200 s] q = 11: genus 48 (expected 48), 186.200 s
[187.460 s] q = 11: D_q = 1 places of degrees [ 16 ], dim L(D_q) = 1 (187.460 s)
[187.470 s] === 1.50.16.i
[187.470 s] point: X_1(1,50), residue field degree 16
[188.040 s] q = 3: D_q = 2 places of degrees [ 8, 8 ], dim L(D_q) = 1 (188.040 s)
[188.040 s] === 1.50.16.j
[188.040 s] point: X_1(1,50), residue field degree 16
[188.460 s] q = 3: D_q = 1 places of degrees [ 16 ], dim L(D_q) = 1 (188.460 s)
[188.460 s] === 1.50.16.k
[188.460 s] point: X_1(1,50), residue field degree 16
[188.870 s] q = 3: D_q = 1 places of degrees [ 16 ], dim L(D_q) = 1 (188.870 s)
[188.870 s] === 1.50.16.l
[188.880 s] point: X_1(1,50), residue field degree 16
[189.180 s] q = 3: D_q = 1 places of degrees [ 16 ], dim L(D_q) = 1 (189.180 s)
[189.180 s] === 1.50.16.m
[189.180 s] point: X_1(1,50), residue field degree 16
[189.630 s] q = 3: D_q = 2 places of degrees [ 6, 10 ], dim L(D_q) = 1 (189.630 s)
[189.630 s] === 1.50.16.n
[189.630 s] point: X_1(1,50), residue field degree 16
[189.970 s] q = 3: D_q = 1 places of degrees [ 16 ], dim L(D_q) = 1 (189.970 s)
[189.980 s] === 1.50.16.o
[189.980 s] point: X_1(1,50), residue field degree 16
[190.320 s] q = 3: D_q = 1 places of degrees [ 16 ], dim L(D_q) = 1 (190.320 s)
[190.320 s] === 1.50.17.a
[190.320 s] point: X_1(1,50), residue field degree 17
[190.660 s] q = 3: D_q = 1 places of degrees [ 17 ], dim L(D_q) = 1 (190.660 s)
[190.660 s] === 1.50.17.b
[190.660 s] point: X_1(1,50), residue field degree 17
[190.970 s] q = 3: D_q = 1 places of degrees [ 17 ], dim L(D_q) = 1 (190.970 s)
[190.970 s] === 1.50.17.c
[190.970 s] point: X_1(1,50), residue field degree 17
[191.500 s] q = 3: D_q = 2 places of degrees [ 7, 10 ], dim L(D_q) = 1 (191.500 s)
[191.500 s] === 1.50.17.d
[191.510 s] point: X_1(1,50), residue field degree 17
[191.850 s] q = 3: D_q = 1 places of degrees [ 17 ], dim L(D_q) = 1 (191.850 s)
[191.850 s] === 1.50.17.e
[191.850 s] point: X_1(1,50), residue field degree 17
[192.250 s] q = 3: D_q = 2 places of degrees [ 7, 10 ], dim L(D_q) = 1 (192.250 s)
[192.250 s] === 1.50.18.a
[192.260 s] point: X_1(1,50), residue field degree 18
[192.590 s] q = 3: D_q = 1 places of degrees [ 18 ], dim L(D_q) = 1 (192.590 s)
[192.590 s] === 1.50.18.b
[192.590 s] point: X_1(1,50), residue field degree 18
[193.090 s] q = 3: D_q = 2 places of degrees [ 6, 12 ], dim L(D_q) = 1 (193.090 s)
[193.090 s] === 1.50.18.c
[193.090 s] point: X_1(1,50), residue field degree 18
[193.680 s] q = 3: D_q = 2 places of degrees [ 6, 12 ], dim L(D_q) = 1 (193.680 s)
[193.680 s] === 1.50.18.d
[193.680 s] point: X_1(1,50), residue field degree 18
[194.030 s] q = 3: D_q = 1 places of degrees [ 18 ], dim L(D_q) = 1 (194.030 s)
[194.030 s] === 1.50.18.e
[194.030 s] point: X_1(1,50), residue field degree 18
[194.470 s] q = 3: D_q = 1 places of degrees [ 18 ], dim L(D_q) = 1 (194.470 s)
[194.470 s] === 1.50.18.f
[194.480 s] point: X_1(1,50), residue field degree 18
[194.890 s] q = 3: D_q = 1 places of degrees [ 18 ], dim L(D_q) = 1 (194.890 s)
[194.890 s] === 1.50.18.g
[194.890 s] point: X_1(1,50), residue field degree 18
[195.320 s] q = 3: D_q = 1 places of degrees [ 18 ], dim L(D_q) = 1 (195.320 s)
[195.320 s] === 1.50.18.h
[195.320 s] point: X_1(1,50), residue field degree 18
[195.940 s] q = 3: D_q = 2 places of degrees [ 9, 9 ], dim L(D_q) = 1 (195.940 s)
[195.940 s] === 1.50.18.i
[195.950 s] point: X_1(1,50), residue field degree 18
[196.620 s] q = 3: D_q = 2 places of degrees [ 6, 12 ], dim L(D_q) = 1 (196.620 s)
[196.630 s] === 1.50.18.j
[196.630 s] point: X_1(1,50), residue field degree 18
[197.150 s] q = 3: D_q = 1 places of degrees [ 18 ], dim L(D_q) = 1 (197.150 s)
[197.150 s] === 1.50.18.k
[197.150 s] point: X_1(1,50), residue field degree 18
[197.500 s] q = 3: D_q = 1 places of degrees [ 18 ], dim L(D_q) = 1 (197.500 s)
[197.500 s] === 1.50.18.l
[197.500 s] point: X_1(1,50), residue field degree 18
[197.840 s] q = 3: D_q = 1 places of degrees [ 18 ], dim L(D_q) = 1 (197.840 s)
[197.840 s] === 1.50.18.m
[197.840 s] point: X_1(1,50), residue field degree 18
[198.420 s] q = 3: D_q = 2 places of degrees [ 7, 11 ], dim L(D_q) = 1 (198.420 s)
[198.420 s] === 1.50.18.n
[198.420 s] point: X_1(1,50), residue field degree 18
[198.820 s] q = 3: D_q = 1 places of degrees [ 18 ], dim L(D_q) = 1 (198.820 s)
[198.820 s] === 1.50.18.o
[198.820 s] point: X_1(1,50), residue field degree 18
[199.250 s] q = 3: D_q = 1 places of degrees [ 18 ], dim L(D_q) = 1 (199.250 s)
[199.250 s] === 1.50.18.p
[199.250 s] point: X_1(1,50), residue field degree 18
[199.780 s] q = 3: D_q = 2 places of degrees [ 7, 11 ], dim L(D_q) = 1 (199.780 s)
[199.780 s] === 1.50.18.q
[199.780 s] point: X_1(1,50), residue field degree 18
[200.220 s] q = 3: D_q = 1 places of degrees [ 18 ], dim L(D_q) = 1 (200.220 s)
[200.220 s] === 1.50.18.r
[200.230 s] point: X_1(1,50), residue field degree 18
[200.600 s] q = 3: D_q = 1 places of degrees [ 18 ], dim L(D_q) = 1 (200.600 s)
[200.600 s] === 1.50.18.s
[200.600 s] point: X_1(1,50), residue field degree 18
[201.180 s] q = 3: D_q = 2 places of degrees [ 8, 10 ], dim L(D_q) = 1 (201.180 s)
[201.180 s] === 1.50.18.t
[201.180 s] point: X_1(1,50), residue field degree 18
[201.740 s] q = 3: D_q = 2 places of degrees [ 9, 9 ], dim L(D_q) = 1 (201.740 s)
[201.740 s] === 1.50.18.u
[201.740 s] point: X_1(1,50), residue field degree 18
[202.320 s] q = 3: D_q = 2 places of degrees [ 6, 12 ], dim L(D_q) = 1 (202.320 s)
[202.330 s] === 1.50.18.v
[202.330 s] point: X_1(1,50), residue field degree 18
[202.930 s] q = 3: D_q = 2 places of degrees [ 9, 9 ], dim L(D_q) = 1 (202.930 s)
[202.930 s] === 1.50.18.w
[202.930 s] point: X_1(1,50), residue field degree 18
[203.430 s] q = 3: D_q = 2 places of degrees [ 9, 9 ], dim L(D_q) = 1 (203.430 s)
[203.430 s] === 1.50.19.a
[203.430 s] point: X_1(1,50), residue field degree 19
[203.950 s] q = 3: D_q = 1 places of degrees [ 19 ], dim L(D_q) = 1 (203.950 s)
[203.950 s] === 1.50.19.b
[203.950 s] point: X_1(1,50), residue field degree 19
[204.410 s] q = 3: D_q = 1 places of degrees [ 19 ], dim L(D_q) = 1 (204.410 s)
[204.410 s] === 1.50.19.c
[204.420 s] point: X_1(1,50), residue field degree 19
[205.030 s] q = 3: D_q = 2 places of degrees [ 8, 11 ], dim L(D_q) = 1 (205.030 s)
[205.030 s] === 1.50.19.d
[205.030 s] point: X_1(1,50), residue field degree 19
[205.390 s] q = 3: D_q = 1 places of degrees [ 19 ], dim L(D_q) = 1 (205.390 s)
[205.390 s] === 1.50.19.e
[205.400 s] point: X_1(1,50), residue field degree 19
[206.020 s] q = 3: D_q = 2 places of degrees [ 8, 11 ], dim L(D_q) = 1 (206.020 s)
[206.020 s] === 1.50.19.f
[206.030 s] point: X_1(1,50), residue field degree 19
[206.590 s] q = 3: D_q = 2 places of degrees [ 8, 11 ], dim L(D_q) = 1 (206.590 s)
[206.590 s] === 1.50.19.g
[206.590 s] point: X_1(1,50), residue field degree 19
[207.210 s] q = 3: D_q = 2 places of degrees [ 9, 10 ], dim L(D_q) = 1 (207.210 s)
[207.210 s] === 1.50.19.h
[207.210 s] point: X_1(1,50), residue field degree 19
[207.680 s] q = 3: D_q = 1 places of degrees [ 19 ], dim L(D_q) = 1 (207.680 s)
[207.680 s] === 1.50.19.i
[207.690 s] point: X_1(1,50), residue field degree 19
[208.260 s] q = 3: D_q = 2 places of degrees [ 9, 10 ], dim L(D_q) = 1 (208.260 s)
[208.260 s] === 1.50.19.j
[208.260 s] point: X_1(1,50), residue field degree 19
[208.860 s] q = 3: D_q = 2 places of degrees [ 8, 11 ], dim L(D_q) = 1 (208.860 s)
[208.860 s] === 1.50.19.k
[208.860 s] point: X_1(1,50), residue field degree 19
[209.450 s] q = 3: D_q = 1 places of degrees [ 19 ], dim L(D_q) = 1 (209.450 s)
[209.450 s] === 1.50.19.l
[209.450 s] point: X_1(1,50), residue field degree 19
[209.750 s] q = 3: D_q = 1 places of degrees [ 19 ], dim L(D_q) = 1 (209.750 s)
[209.750 s] === 1.50.19.m
[209.750 s] point: X_1(1,50), residue field degree 19
[210.110 s] q = 3: D_q = 1 places of degrees [ 19 ], dim L(D_q) = 1 (210.110 s)
[210.110 s] === 1.50.19.n
[210.110 s] point: X_1(1,50), residue field degree 19
[210.470 s] q = 3: D_q = 1 places of degrees [ 19 ], dim L(D_q) = 1 (210.470 s)
[210.470 s] === 1.50.19.o
[210.470 s] point: X_1(1,50), residue field degree 19
[210.910 s] q = 3: D_q = 2 places of degrees [ 8, 11 ], dim L(D_q) = 1 (210.910 s)
[210.910 s] === 1.50.19.p
[210.910 s] point: X_1(1,50), residue field degree 19
[211.280 s] q = 3: D_q = 1 places of degrees [ 19 ], dim L(D_q) = 1 (211.280 s)
[211.280 s] === 1.50.19.q
[211.280 s] point: X_1(1,50), residue field degree 19
[211.620 s] q = 3: D_q = 1 places of degrees [ 19 ], dim L(D_q) = 1 (211.620 s)
[211.620 s] === 1.50.19.r
[211.620 s] point: X_1(1,50), residue field degree 19
[211.990 s] q = 3: D_q = 1 places of degrees [ 19 ], dim L(D_q) = 1 (211.990 s)
[211.990 s] === 1.50.21.a
[211.990 s] point: X_1(1,50), residue field degree 21
[212.480 s] q = 3: D_q = 1 places of degrees [ 21 ], dim L(D_q) = 1 (212.480 s)
[212.480 s] === 1.50.21.aa
[212.480 s] point: X_1(1,50), residue field degree 21
[213.000 s] q = 3: D_q = 2 places of degrees [ 8, 13 ], dim L(D_q) = 1 (213.000 s)
[213.000 s] === 1.50.21.ab
[213.000 s] point: X_1(1,50), residue field degree 21
[213.520 s] q = 3: D_q = 2 places of degrees [ 9, 12 ], dim L(D_q) = 1 (213.520 s)
[213.520 s] === 1.50.21.ac
[213.520 s] point: X_1(1,50), residue field degree 21
[213.930 s] q = 3: D_q = 1 places of degrees [ 21 ], dim L(D_q) = 1 (213.930 s)
[213.930 s] === 1.50.21.ad
[213.940 s] point: X_1(1,50), residue field degree 21
[214.370 s] q = 3: D_q = 1 places of degrees [ 21 ], dim L(D_q) = 1 (214.370 s)
[214.370 s] === 1.50.21.ae
[214.370 s] point: X_1(1,50), residue field degree 21
[214.780 s] q = 3: D_q = 1 places of degrees [ 21 ], dim L(D_q) = 1 (214.780 s)
[214.780 s] === 1.50.21.af
[214.790 s] point: X_1(1,50), residue field degree 21
[215.240 s] q = 3: D_q = 1 places of degrees [ 21 ], dim L(D_q) = 1 (215.240 s)
[215.240 s] === 1.50.21.ag
[215.250 s] point: X_1(1,50), residue field degree 21
[215.610 s] q = 3: D_q = 1 places of degrees [ 21 ], dim L(D_q) = 1 (215.610 s)
[215.610 s] === 1.50.21.ah
[215.610 s] point: X_1(1,50), residue field degree 21
[215.970 s] q = 3: D_q = 1 places of degrees [ 21 ], dim L(D_q) = 1 (215.970 s)
[215.970 s] === 1.50.21.ai
[215.980 s] point: X_1(1,50), residue field degree 21
[216.550 s] q = 3: D_q = 2 places of degrees [ 9, 12 ], dim L(D_q) = 1 (216.550 s)
[216.550 s] === 1.50.21.aj
[216.550 s] point: X_1(1,50), residue field degree 21
[216.920 s] q = 3: D_q = 1 places of degrees [ 21 ], dim L(D_q) = 1 (216.920 s)
[216.920 s] === 1.50.21.ak
[216.920 s] point: X_1(1,50), residue field degree 21
[217.410 s] q = 3: D_q = 2 places of degrees [ 8, 13 ], dim L(D_q) = 1 (217.410 s)
[217.410 s] === 1.50.21.al
[217.410 s] point: X_1(1,50), residue field degree 21
[218.030 s] q = 3: D_q = 2 places of degrees [ 10, 11 ], dim L(D_q) = 1 (218.030 s)
[218.030 s] === 1.50.21.am
[218.030 s] point: X_1(1,50), residue field degree 21
[218.510 s] q = 3: D_q = 1 places of degrees [ 21 ], dim L(D_q) = 1 (218.510 s)
[218.510 s] === 1.50.21.an
[218.520 s] point: X_1(1,50), residue field degree 21
[219.150 s] q = 3: D_q = 2 places of degrees [ 10, 11 ], dim L(D_q) = 1 (219.150 s)
[219.150 s] === 1.50.21.ao
[219.160 s] point: X_1(1,50), residue field degree 21
[219.590 s] q = 3: D_q = 1 places of degrees [ 21 ], dim L(D_q) = 1 (219.590 s)
[219.590 s] === 1.50.21.ap
[219.590 s] point: X_1(1,50), residue field degree 21
[220.010 s] q = 3: D_q = 1 places of degrees [ 21 ], dim L(D_q) = 1 (220.010 s)
[220.010 s] === 1.50.21.aq
[220.010 s] point: X_1(1,50), residue field degree 21
[220.680 s] q = 3: D_q = 2 places of degrees [ 8, 13 ], dim L(D_q) = 1 (220.680 s)
[220.680 s] === 1.50.21.ar
[220.690 s] point: X_1(1,50), residue field degree 21
[221.250 s] q = 3: D_q = 2 places of degrees [ 10, 11 ], dim L(D_q) = 1 (221.250 s)
[221.250 s] === 1.50.21.as
[221.260 s] point: X_1(1,50), residue field degree 21
[221.900 s] q = 3: D_q = 2 places of degrees [ 10, 11 ], dim L(D_q) = 1 (221.900 s)
[221.900 s] === 1.50.21.at
[221.910 s] point: X_1(1,50), residue field degree 21
[222.550 s] q = 3: D_q = 2 places of degrees [ 9, 12 ], dim L(D_q) = 1 (222.550 s)
[222.550 s] === 1.50.21.au
[222.560 s] point: X_1(1,50), residue field degree 21
[223.230 s] q = 3: D_q = 1 places of degrees [ 21 ], dim L(D_q) = 1 (223.230 s)
[223.230 s] === 1.50.21.av
[223.230 s] point: X_1(1,50), residue field degree 21
[223.840 s] q = 3: D_q = 2 places of degrees [ 8, 13 ], dim L(D_q) = 1 (223.840 s)
[223.840 s] === 1.50.21.aw
[223.840 s] point: X_1(1,50), residue field degree 21
[224.250 s] q = 3: D_q = 1 places of degrees [ 21 ], dim L(D_q) = 1 (224.250 s)
[224.250 s] === 1.50.21.ax
[224.250 s] point: X_1(1,50), residue field degree 21
[224.630 s] q = 3: D_q = 1 places of degrees [ 21 ], dim L(D_q) = 1 (224.630 s)
[224.630 s] === 1.50.21.b
[224.630 s] point: X_1(1,50), residue field degree 21
[224.970 s] q = 3: D_q = 1 places of degrees [ 21 ], dim L(D_q) = 1 (224.970 s)
[224.970 s] === 1.50.21.c
[224.980 s] point: X_1(1,50), residue field degree 21
[225.330 s] q = 3: D_q = 1 places of degrees [ 21 ], dim L(D_q) = 1 (225.330 s)
[225.330 s] === 1.50.21.d
[225.330 s] point: X_1(1,50), residue field degree 21
[225.700 s] q = 3: D_q = 1 places of degrees [ 21 ], dim L(D_q) = 1 (225.700 s)
[225.700 s] === 1.50.21.e
[225.700 s] point: X_1(1,50), residue field degree 21
[226.070 s] q = 3: D_q = 1 places of degrees [ 21 ], dim L(D_q) = 1 (226.070 s)
[226.070 s] === 1.50.21.f
[226.070 s] point: X_1(1,50), residue field degree 21
[226.580 s] q = 3: D_q = 2 places of degrees [ 6, 15 ], dim L(D_q) = 1 (226.580 s)
[226.580 s] === 1.50.21.g
[226.580 s] point: X_1(1,50), residue field degree 21
[227.050 s] q = 3: D_q = 1 places of degrees [ 21 ], dim L(D_q) = 1 (227.050 s)
[227.050 s] === 1.50.21.h
[227.060 s] point: X_1(1,50), residue field degree 21
[227.630 s] q = 3: D_q = 2 places of degrees [ 7, 14 ], dim L(D_q) = 1 (227.630 s)
[227.630 s] === 1.50.21.i
[227.640 s] point: X_1(1,50), residue field degree 21
[228.290 s] q = 3: D_q = 2 places of degrees [ 8, 13 ], dim L(D_q) = 1 (228.290 s)
[228.290 s] === 1.50.21.j
[228.290 s] point: X_1(1,50), residue field degree 21
[228.900 s] q = 3: D_q = 1 places of degrees [ 21 ], dim L(D_q) = 1 (228.900 s)
[228.900 s] === 1.50.21.k
[228.910 s] point: X_1(1,50), residue field degree 21
[229.340 s] q = 3: D_q = 1 places of degrees [ 21 ], dim L(D_q) = 1 (229.340 s)
[229.340 s] === 1.50.21.l
[229.340 s] point: X_1(1,50), residue field degree 21
[229.840 s] q = 3: D_q = 1 places of degrees [ 21 ], dim L(D_q) = 1 (229.840 s)
[229.840 s] === 1.50.21.m
[229.840 s] point: X_1(1,50), residue field degree 21
[230.460 s] q = 3: D_q = 2 places of degrees [ 9, 12 ], dim L(D_q) = 1 (230.460 s)
[230.460 s] === 1.50.21.n
[230.460 s] point: X_1(1,50), residue field degree 21
[230.960 s] q = 3: D_q = 1 places of degrees [ 21 ], dim L(D_q) = 1 (230.960 s)
[230.960 s] === 1.50.21.o
[230.970 s] point: X_1(1,50), residue field degree 21
[231.660 s] q = 3: D_q = 2 places of degrees [ 9, 12 ], dim L(D_q) = 1 (231.660 s)
[231.660 s] === 1.50.21.p
[231.660 s] point: X_1(1,50), residue field degree 21
[232.250 s] q = 3: D_q = 2 places of degrees [ 9, 12 ], dim L(D_q) = 1 (232.250 s)
[232.250 s] === 1.50.21.q
[232.250 s] point: X_1(1,50), residue field degree 21
[232.730 s] q = 3: D_q = 1 places of degrees [ 21 ], dim L(D_q) = 1 (232.730 s)
[232.730 s] === 1.50.21.r
[232.740 s] point: X_1(1,50), residue field degree 21
[233.170 s] q = 3: D_q = 1 places of degrees [ 21 ], dim L(D_q) = 1 (233.170 s)
[233.170 s] === 1.50.21.s
[233.170 s] point: X_1(1,50), residue field degree 21
[233.630 s] q = 3: D_q = 1 places of degrees [ 21 ], dim L(D_q) = 1 (233.630 s)
[233.630 s] === 1.50.21.t
[233.640 s] point: X_1(1,50), residue field degree 21
[234.330 s] q = 3: D_q = 2 places of degrees [ 7, 14 ], dim L(D_q) = 1 (234.330 s)
[234.330 s] === 1.50.21.u
[234.330 s] point: X_1(1,50), residue field degree 21
[234.940 s] q = 3: D_q = 2 places of degrees [ 7, 14 ], dim L(D_q) = 1 (234.940 s)
[234.940 s] === 1.50.21.v
[234.940 s] point: X_1(1,50), residue field degree 21
[235.450 s] q = 3: D_q = 1 places of degrees [ 21 ], dim L(D_q) = 1 (235.450 s)
[235.450 s] === 1.50.21.w
[235.460 s] point: X_1(1,50), residue field degree 21
[236.120 s] q = 3: D_q = 2 places of degrees [ 8, 13 ], dim L(D_q) = 1 (236.120 s)
[236.120 s] === 1.50.21.x
[236.130 s] point: X_1(1,50), residue field degree 21
[236.600 s] q = 3: D_q = 1 places of degrees [ 21 ], dim L(D_q) = 1 (236.600 s)
[236.600 s] === 1.50.21.y
[236.600 s] point: X_1(1,50), residue field degree 21
[237.180 s] q = 3: D_q = 2 places of degrees [ 7, 14 ], dim L(D_q) = 1 (237.180 s)
[237.180 s] === 1.50.21.z
[237.180 s] point: X_1(1,50), residue field degree 21
[237.800 s] q = 3: D_q = 2 places of degrees [ 6, 15 ], dim L(D_q) = 1 (237.800 s)
[237.810 s] BATCH_DONE
