[0.0100000 s] === 1.37.6.a
[0.0100000 s] point: X_1(1,37), residue field degree 6
[0.120000 s] q = 3: model built (0.120000 s); computing the maximal orders of its function field (genus check)
[11.8500 s] q = 3: genus 40 (expected 40), 11.8500 s
[12.0500 s] q = 3: D_q = 1 places of degrees [ 6 ], dim L(D_q) = 1 (12.0500 s)
[12.0500 s] === 1.37.10.a
[12.0500 s] point: X_1(1,37), residue field degree 10
[12.1300 s] q = 3: D_q = 1 places of degrees [ 10 ], dim L(D_q) = 1 (12.1300 s)
[12.1300 s] === 1.37.12.a
[12.1300 s] point: X_1(1,37), residue field degree 12
[12.2000 s] q = 5: model built (12.2000 s); computing the maximal orders of its function field (genus check)
[26.7700 s] q = 5: genus 40 (expected 40), 26.7700 s
[27.1100 s] q = 5: D_q = 1 places of degrees [ 12 ], dim L(D_q) = 1 (27.1100 s)
[27.1100 s] === 1.37.12.b
[27.1100 s] point: X_1(1,37), residue field degree 12
[27.3400 s] q = 3: D_q = 3 places of degrees [ 4, 4, 4 ], dim L(D_q) = 1 (27.3400 s)
[27.3400 s] === 1.37.12.c
[27.3500 s] point: X_1(1,37), residue field degree 12
[27.6800 s] q = 5: D_q = 3 places of degrees [ 4, 4, 4 ], dim L(D_q) = 1 (27.6800 s)
[27.6800 s] === 1.37.13.a
[27.6800 s] point: X_1(1,37), residue field degree 13
[27.7900 s] q = 3: D_q = 1 places of degrees [ 13 ], dim L(D_q) = 1 (27.7900 s)
[27.7900 s] === 1.37.14.a
[27.7900 s] point: X_1(1,37), residue field degree 14
[27.9500 s] q = 3: D_q = 2 places of degrees [ 7, 7 ], dim L(D_q) = 1 (27.9500 s)
[27.9500 s] === 1.37.15.a
[27.9500 s] point: X_1(1,37), residue field degree 15
[28.0600 s] q = 3: D_q = 1 places of degrees [ 15 ], dim L(D_q) = 1 (28.0600 s)
[28.0600 s] === 1.37.15.b
[28.0600 s] point: X_1(1,37), residue field degree 15
[28.2300 s] q = 3: D_q = 2 places of degrees [ 4, 11 ], dim L(D_q) = 1 (28.2300 s)
[28.2300 s] === 1.37.15.c
[28.2300 s] point: X_1(1,37), residue field degree 15
[28.5100 s] q = 5: D_q = 2 places of degrees [ 4, 11 ], dim L(D_q) = 1 (28.5100 s)
[28.5100 s] === 1.37.16.a
[28.5100 s] point: X_1(1,37), residue field degree 16
[28.8300 s] q = 5: D_q = 3 places of degrees [ 4, 6, 6 ], dim L(D_q) = 1 (28.8300 s)
[28.8300 s] === 1.37.16.b
[28.8300 s] point: X_1(1,37), residue field degree 16
[29.0100 s] q = 3: D_q = 2 places of degrees [ 5, 11 ], dim L(D_q) = 1 (29.0100 s)
[29.0100 s] === 1.37.16.c
[29.0100 s] point: X_1(1,37), residue field degree 16
[29.1700 s] q = 3: D_q = 2 places of degrees [ 6, 10 ], dim L(D_q) = 1 (29.1700 s)
[29.1700 s] === 1.37.16.d
[29.1700 s] point: X_1(1,37), residue field degree 16
[29.4900 s] q = 5: D_q = 2 places of degrees [ 8, 8 ], dim L(D_q) = 1 (29.4900 s)
[29.4900 s] === 1.37.16.e
[29.4900 s] point: X_1(1,37), residue field degree 16
[29.8700 s] q = 5: D_q = 4 places of degrees [ 4, 4, 4, 4 ], dim L(D_q) = 1 (29.8700 s)
[29.8700 s] === 1.37.16.f
[29.8700 s] point: X_1(1,37), residue field degree 16
[29.9800 s] q = 3: D_q = 1 places of degrees [ 16 ], dim L(D_q) = 1 (29.9800 s)
[29.9800 s] === 1.37.16.g
[29.9800 s] point: X_1(1,37), residue field degree 16
[30.1500 s] q = 3: D_q = 2 places of degrees [ 8, 8 ], dim L(D_q) = 1 (30.1500 s)
[30.1500 s] === 1.37.16.h
[30.1500 s] point: X_1(1,37), residue field degree 16
[30.2600 s] q = 3: D_q = 1 places of degrees [ 16 ], dim L(D_q) = 1 (30.2600 s)
[30.2600 s] === 1.37.16.i
[30.2600 s] point: X_1(1,37), residue field degree 16
[30.3700 s] q = 3: D_q = 1 places of degrees [ 16 ], dim L(D_q) = 1 (30.3700 s)
[30.3700 s] === 1.37.16.j
[30.3700 s] point: X_1(1,37), residue field degree 16
[30.5500 s] q = 3: D_q = 2 places of degrees [ 7, 9 ], dim L(D_q) = 1 (30.5500 s)
[30.5500 s] === 1.37.16.k
[30.5500 s] point: X_1(1,37), residue field degree 16
[30.7300 s] q = 3: D_q = 2 places of degrees [ 4, 12 ], dim L(D_q) = 1 (30.7300 s)
[30.7300 s] === 1.37.17.a
[30.7300 s] point: X_1(1,37), residue field degree 17
[30.9200 s] q = 3: D_q = 2 places of degrees [ 4, 13 ], dim L(D_q) = 1 (30.9200 s)
[30.9200 s] === 1.37.17.b
[30.9200 s] point: X_1(1,37), residue field degree 17
[31.2500 s] q = 5: D_q = 2 places of degrees [ 4, 13 ], dim L(D_q) = 1 (31.2500 s)
[31.2500 s] === 1.37.17.c
[31.2600 s] point: X_1(1,37), residue field degree 17
[31.4900 s] q = 3: D_q = 2 places of degrees [ 4, 13 ], dim L(D_q) = 1 (31.4900 s)
[31.4900 s] === 1.37.17.d
[31.5000 s] point: X_1(1,37), residue field degree 17
[31.6800 s] q = 3: D_q = 2 places of degrees [ 5, 12 ], dim L(D_q) = 1 (31.6800 s)
[31.6800 s] === 1.37.17.e
[31.6800 s] point: X_1(1,37), residue field degree 17
[32.1300 s] q = 3: D_q = 4 places of degrees [ 4, 4, 4, 5 ], dim L(D_q) = 1 (32.1300 s)
[32.1300 s] === 1.37.17.f
[32.1300 s] point: X_1(1,37), residue field degree 17
[32.3600 s] q = 3: D_q = 3 places of degrees [ 3, 4, 10 ], dim L(D_q) = 1 (32.3600 s)
[32.3600 s] === 1.37.17.g
[32.3600 s] point: X_1(1,37), residue field degree 17
[32.6300 s] q = 3: D_q = 2 places of degrees [ 4, 13 ], dim L(D_q) = 1 (32.6300 s)
[32.6300 s] === 1.37.17.h
[32.6300 s] point: X_1(1,37), residue field degree 17
[32.9600 s] q = 3: D_q = 3 places of degrees [ 4, 4, 9 ], dim L(D_q) = 1 (32.9600 s)
[32.9600 s] === 1.37.17.i
[32.9600 s] point: X_1(1,37), residue field degree 17
[33.2500 s] q = 3: D_q = 3 places of degrees [ 4, 5, 8 ], dim L(D_q) = 1 (33.2500 s)
[33.2500 s] === 1.37.17.j
[33.2500 s] point: X_1(1,37), residue field degree 17
[33.3900 s] q = 3: D_q = 1 places of degrees [ 17 ], dim L(D_q) = 1 (33.3900 s)
[33.3900 s] === 1.37.17.k
[33.3900 s] point: X_1(1,37), residue field degree 17
[33.5300 s] q = 3: D_q = 1 places of degrees [ 17 ], dim L(D_q) = 1 (33.5300 s)
[33.5300 s] === 1.37.17.l
[33.5400 s] point: X_1(1,37), residue field degree 17
[33.9600 s] q = 3: D_q = 3 places of degrees [ 4, 5, 8 ], dim L(D_q) = 1 (33.9600 s)
[33.9600 s] === 1.37.18.a
[33.9600 s] point: X_1(1,37), residue field degree 18
[34.1300 s] q = 3: D_q = 1 places of degrees [ 18 ], dim L(D_q) = 1 (34.1300 s)
[34.1300 s] BATCH_DONE
