[0.0100000 s] === 1.48.11.a
[0.0100000 s] point: X_1(1,48), residue field degree 11
[0.120000 s] q = 5: model built (0.120000 s); computing the maximal orders of its function field (genus check)
[22.9000 s] q = 5: genus 37 (expected 37), 22.9000 s
[23.5500 s] q = 5: D_q = 2 places of degrees [ 5, 6 ], dim L(D_q) = 1 (23.5500 s)
[23.5500 s] === 1.48.11.b
[23.5500 s] point: X_1(1,48), residue field degree 11
[23.9300 s] q = 5: D_q = 2 places of degrees [ 5, 6 ], dim L(D_q) = 1 (23.9300 s)
[23.9300 s] === 1.48.12.a
[23.9400 s] point: X_1(1,48), residue field degree 12
[24.2600 s] q = 5: D_q = 2 places of degrees [ 6, 6 ], dim L(D_q) = 1 (24.2500 s)
[24.2600 s] === 1.48.12.b
[24.2600 s] point: X_1(1,48), residue field degree 12
[24.5000 s] q = 5: D_q = 1 places of degrees [ 12 ], dim L(D_q) = 1 (24.5000 s)
[24.5000 s] === 1.48.12.c
[24.5000 s] point: X_1(1,48), residue field degree 12
[24.7300 s] q = 5: D_q = 1 places of degrees [ 12 ], dim L(D_q) = 1 (24.7300 s)
[24.7300 s] === 1.48.12.d
[24.7300 s] point: X_1(1,48), residue field degree 12
[24.9700 s] q = 5: D_q = 1 places of degrees [ 12 ], dim L(D_q) = 1 (24.9700 s)
[24.9700 s] === 1.48.12.e
[24.9700 s] point: X_1(1,48), residue field degree 12
[25.3800 s] q = 5: D_q = 2 places of degrees [ 3, 9 ], dim L(D_q) = 1 (25.3800 s)
[25.3800 s] === 1.48.14.a
[25.3800 s] point: X_1(1,48), residue field degree 14
[25.6700 s] q = 5: D_q = 1 places of degrees [ 14 ], dim L(D_q) = 1 (25.6700 s)
[25.6700 s] === 1.48.14.b
[25.6700 s] point: X_1(1,48), residue field degree 14
[25.9600 s] q = 5: D_q = 1 places of degrees [ 14 ], dim L(D_q) = 1 (25.9600 s)
[25.9600 s] === 1.48.14.c
[25.9600 s] point: X_1(1,48), residue field degree 14
[26.3900 s] q = 5: D_q = 2 places of degrees [ 5, 9 ], dim L(D_q) = 1 (26.3900 s)
[26.3900 s] === 1.48.14.d
[26.3900 s] point: X_1(1,48), residue field degree 14
[26.7400 s] q = 5: D_q = 2 places of degrees [ 5, 9 ], dim L(D_q) = 1 (26.7400 s)
[26.7400 s] === 1.48.14.e
[26.7400 s] point: X_1(1,48), residue field degree 14
[27.0600 s] q = 5: D_q = 1 places of degrees [ 14 ], dim L(D_q) = 1 (27.0600 s)
[27.0600 s] === 1.48.15.a
[27.0600 s] point: X_1(1,48), residue field degree 15
[27.4500 s] q = 5: D_q = 2 places of degrees [ 5, 10 ], dim L(D_q) = 1 (27.4500 s)
[27.4500 s] === 1.48.15.b
[27.4500 s] point: X_1(1,48), residue field degree 15
[27.7200 s] q = 5: D_q = 1 places of degrees [ 15 ], dim L(D_q) = 1 (27.7200 s)
[27.7200 s] === 1.48.15.c
[27.7200 s] point: X_1(1,48), residue field degree 15
[28.1700 s] q = 5: D_q = 2 places of degrees [ 5, 10 ], dim L(D_q) = 1 (28.1700 s)
[28.1700 s] === 1.48.15.d
[28.1700 s] point: X_1(1,48), residue field degree 15
[28.4400 s] q = 5: D_q = 1 places of degrees [ 15 ], dim L(D_q) = 1 (28.4400 s)
[28.4400 s] === 1.48.15.e
[28.4400 s] point: X_1(1,48), residue field degree 15
[28.8600 s] q = 5: D_q = 3 places of degrees [ 3, 5, 7 ], dim L(D_q) = 1 (28.8600 s)
[28.8600 s] === 1.48.15.f
[28.8700 s] point: X_1(1,48), residue field degree 15
[29.0800 s] q = 5: D_q = 1 places of degrees [ 15 ], dim L(D_q) = 1 (29.0800 s)
[29.0800 s] === 1.48.15.g
[29.0800 s] point: X_1(1,48), residue field degree 15
[29.3700 s] q = 5: D_q = 2 places of degrees [ 6, 9 ], dim L(D_q) = 1 (29.3700 s)
[29.3700 s] === 1.48.15.h
[29.3700 s] point: X_1(1,48), residue field degree 15
[29.6100 s] q = 5: D_q = 1 places of degrees [ 15 ], dim L(D_q) = 1 (29.6100 s)
[29.6100 s] === 1.48.15.i
[29.6100 s] point: X_1(1,48), residue field degree 15
[30.0900 s] q = 5: D_q = 2 places of degrees [ 6, 9 ], dim L(D_q) = 1 (30.0900 s)
[30.0900 s] === 1.48.15.j
[30.0900 s] point: X_1(1,48), residue field degree 15
[30.4600 s] q = 5: D_q = 2 places of degrees [ 6, 9 ], dim L(D_q) = 1 (30.4600 s)
[30.4600 s] === 1.48.15.k
[30.4600 s] point: X_1(1,48), residue field degree 15
[30.7500 s] q = 5: D_q = 1 places of degrees [ 15 ], dim L(D_q) = 1 (30.7500 s)
[30.7500 s] === 1.48.15.l
[30.7500 s] point: X_1(1,48), residue field degree 15
[31.1900 s] q = 5: D_q = 2 places of degrees [ 3, 12 ], dim L(D_q) = 1 (31.1900 s)
[31.1900 s] === 1.48.15.m
[31.1900 s] point: X_1(1,48), residue field degree 15
[31.4700 s] q = 5: D_q = 1 places of degrees [ 15 ], dim L(D_q) = 1 (31.4700 s)
[31.4700 s] === 1.48.15.n
[31.4700 s] point: X_1(1,48), residue field degree 15
[31.7800 s] q = 5: D_q = 1 places of degrees [ 15 ], dim L(D_q) = 1 (31.7800 s)
[31.7800 s] === 1.48.17.a
[31.7900 s] point: X_1(1,48), residue field degree 17
[32.2200 s] q = 5: D_q = 2 places of degrees [ 4, 13 ], dim L(D_q) = 1 (32.2200 s)
[32.2200 s] === 1.48.17.aa
[32.2200 s] point: X_1(1,48), residue field degree 17
[32.6300 s] q = 5: D_q = 2 places of degrees [ 6, 11 ], dim L(D_q) = 1 (32.6300 s)
[32.6300 s] === 1.48.17.ab
[32.6300 s] point: X_1(1,48), residue field degree 17
[33.0300 s] q = 5: D_q = 2 places of degrees [ 3, 14 ], dim L(D_q) = 1 (33.0300 s)
[33.0300 s] === 1.48.17.ac
[33.0300 s] point: X_1(1,48), residue field degree 17
[33.3700 s] q = 5: D_q = 2 places of degrees [ 5, 12 ], dim L(D_q) = 1 (33.3700 s)
[33.3700 s] === 1.48.17.ad
[33.3700 s] point: X_1(1,48), residue field degree 17
[33.7700 s] q = 5: D_q = 1 places of degrees [ 17 ], dim L(D_q) = 1 (33.7700 s)
[33.7700 s] === 1.48.17.ae
[33.7700 s] point: X_1(1,48), residue field degree 17
[34.2700 s] q = 5: D_q = 2 places of degrees [ 5, 12 ], dim L(D_q) = 1 (34.2700 s)
[34.2700 s] === 1.48.17.af
[34.2700 s] point: X_1(1,48), residue field degree 17
[34.7400 s] q = 5: D_q = 2 places of degrees [ 6, 11 ], dim L(D_q) = 1 (34.7400 s)
[34.7400 s] === 1.48.17.ag
[34.7400 s] point: X_1(1,48), residue field degree 17
[35.1500 s] q = 5: D_q = 1 places of degrees [ 17 ], dim L(D_q) = 1 (35.1500 s)
[35.1500 s] === 1.48.17.ah
[35.1500 s] point: X_1(1,48), residue field degree 17
[35.4200 s] q = 5: D_q = 1 places of degrees [ 17 ], dim L(D_q) = 1 (35.4200 s)
[35.4200 s] === 1.48.17.ai
[35.4200 s] point: X_1(1,48), residue field degree 17
[35.7100 s] q = 5: D_q = 1 places of degrees [ 17 ], dim L(D_q) = 1 (35.7100 s)
[35.7100 s] === 1.48.17.aj
[35.7100 s] point: X_1(1,48), residue field degree 17
[36.0500 s] q = 5: D_q = 2 places of degrees [ 7, 10 ], dim L(D_q) = 1 (36.0500 s)
[36.0500 s] === 1.48.17.ak
[36.0500 s] point: X_1(1,48), residue field degree 17
[36.4000 s] q = 5: D_q = 1 places of degrees [ 17 ], dim L(D_q) = 1 (36.4000 s)
[36.4000 s] === 1.48.17.al
[36.4000 s] point: X_1(1,48), residue field degree 17
[36.7300 s] q = 5: D_q = 2 places of degrees [ 7, 10 ], dim L(D_q) = 1 (36.7300 s)
[36.7300 s] === 1.48.17.b
[36.7400 s] point: X_1(1,48), residue field degree 17
[37.0300 s] q = 5: D_q = 2 places of degrees [ 6, 11 ], dim L(D_q) = 1 (37.0300 s)
[37.0300 s] === 1.48.17.c
[37.0300 s] point: X_1(1,48), residue field degree 17
[37.3200 s] q = 5: D_q = 1 places of degrees [ 17 ], dim L(D_q) = 1 (37.3200 s)
[37.3200 s] === 1.48.17.d
[37.3200 s] point: X_1(1,48), residue field degree 17
[37.6600 s] q = 5: D_q = 1 places of degrees [ 17 ], dim L(D_q) = 1 (37.6600 s)
[37.6600 s] === 1.48.17.e
[37.6600 s] point: X_1(1,48), residue field degree 17
[38.1300 s] q = 5: D_q = 3 places of degrees [ 5, 6, 6 ], dim L(D_q) = 1 (38.1300 s)
[38.1300 s] === 1.48.17.f
[38.1300 s] point: X_1(1,48), residue field degree 17
[38.5400 s] q = 5: D_q = 1 places of degrees [ 17 ], dim L(D_q) = 1 (38.5400 s)
[38.5400 s] === 1.48.17.g
[38.5400 s] point: X_1(1,48), residue field degree 17
[38.9400 s] q = 5: D_q = 2 places of degrees [ 3, 14 ], dim L(D_q) = 1 (38.9400 s)
[38.9400 s] === 1.48.17.h
[38.9400 s] point: X_1(1,48), residue field degree 17
[39.3200 s] q = 5: D_q = 1 places of degrees [ 17 ], dim L(D_q) = 1 (39.3200 s)
[39.3200 s] === 1.48.17.i
[39.3300 s] point: X_1(1,48), residue field degree 17
[39.7900 s] q = 5: D_q = 2 places of degrees [ 4, 13 ], dim L(D_q) = 1 (39.7900 s)
[39.7900 s] === 1.48.17.j
[39.7900 s] point: X_1(1,48), residue field degree 17
[40.3400 s] q = 5: D_q = 3 places of degrees [ 4, 4, 9 ], dim L(D_q) = 1 (40.3400 s)
[40.3400 s] === 1.48.17.k
[40.3400 s] point: X_1(1,48), residue field degree 17
[40.6600 s] q = 5: D_q = 1 places of degrees [ 17 ], dim L(D_q) = 1 (40.6600 s)
[40.6600 s] === 1.48.17.l
[40.6600 s] point: X_1(1,48), residue field degree 17
[41.1700 s] q = 5: D_q = 3 places of degrees [ 3, 6, 8 ], dim L(D_q) = 1 (41.1700 s)
[41.1700 s] === 1.48.17.m
[41.1700 s] point: X_1(1,48), residue field degree 17
[41.6400 s] q = 5: D_q = 1 places of degrees [ 17 ], dim L(D_q) = 1 (41.6400 s)
[41.6400 s] === 1.48.17.n
[41.6400 s] point: X_1(1,48), residue field degree 17
[42.0100 s] q = 5: D_q = 2 places of degrees [ 8, 9 ], dim L(D_q) = 1 (42.0100 s)
[42.0100 s] === 1.48.17.o
[42.0200 s] point: X_1(1,48), residue field degree 17
[42.4400 s] q = 5: D_q = 1 places of degrees [ 17 ], dim L(D_q) = 1 (42.4400 s)
[42.4400 s] === 1.48.17.p
[42.4400 s] point: X_1(1,48), residue field degree 17
[42.8700 s] q = 5: D_q = 1 places of degrees [ 17 ], dim L(D_q) = 1 (42.8700 s)
[42.8700 s] === 1.48.17.q
[42.8700 s] point: X_1(1,48), residue field degree 17
[43.2500 s] q = 5: D_q = 1 places of degrees [ 17 ], dim L(D_q) = 1 (43.2500 s)
[43.2500 s] === 1.48.17.r
[43.2500 s] point: X_1(1,48), residue field degree 17
[43.6800 s] q = 5: D_q = 1 places of degrees [ 17 ], dim L(D_q) = 1 (43.6800 s)
[43.6800 s] === 1.48.17.s
[43.6900 s] point: X_1(1,48), residue field degree 17
[44.1400 s] q = 5: D_q = 2 places of degrees [ 7, 10 ], dim L(D_q) = 1 (44.1400 s)
[44.1400 s] === 1.48.17.t
[44.1400 s] point: X_1(1,48), residue field degree 17
[44.6800 s] q = 5: D_q = 2 places of degrees [ 3, 14 ], dim L(D_q) = 1 (44.6800 s)
[44.6800 s] === 1.48.17.u
[44.6800 s] point: X_1(1,48), residue field degree 17
[45.1300 s] q = 5: D_q = 2 places of degrees [ 3, 14 ], dim L(D_q) = 1 (45.1300 s)
[45.1300 s] === 1.48.17.v
[45.1300 s] point: X_1(1,48), residue field degree 17
[45.7000 s] q = 5: D_q = 1 places of degrees [ 17 ], dim L(D_q) = 1 (45.7000 s)
[45.7000 s] === 1.48.17.w
[45.7000 s] point: X_1(1,48), residue field degree 17
[46.3100 s] q = 5: D_q = 1 places of degrees [ 17 ], dim L(D_q) = 1 (46.3100 s)
[46.3100 s] === 1.48.17.x
[46.3100 s] point: X_1(1,48), residue field degree 17
[46.7000 s] q = 5: D_q = 1 places of degrees [ 17 ], dim L(D_q) = 1 (46.7000 s)
[46.7000 s] === 1.48.17.y
[46.7100 s] point: X_1(1,48), residue field degree 17
[47.1300 s] q = 5: D_q = 2 places of degrees [ 8, 9 ], dim L(D_q) = 1 (47.1300 s)
[47.1300 s] === 1.48.17.z
[47.1300 s] point: X_1(1,48), residue field degree 17
[47.4700 s] q = 5: D_q = 1 places of degrees [ 17 ], dim L(D_q) = 1 (47.4700 s)
[47.4700 s] BATCH_DONE
